Startpoint: i_croc_soc/i_croc/i_core_wrap/i_ibex.id_stage_i.controller_i.instr_i_15__reg
            (rising edge-triggered flip-flop clocked by clk_sys)
Endpoint: i_croc_soc/i_croc/i_core_wrap/i_ibex.crash_dump_o_95__reg
          (rising edge-triggered flip-flop clocked by clk_sys)
Path Group: clk_sys
Path Type: max
Corner: tt

Fanout     Cap    Slew   Delay    Time   Description
-----------------------------------------------------------------------------
                  0.20    0.00    0.00   clock clk_sys (rise edge)
                          0.00    0.00   clock network delay (ideal)
                  0.20    0.00    0.00 ^ i_croc_soc/i_croc/i_core_wrap/i_ibex.id_stage_i.controller_i.instr_i_15__reg/CLK (sg13g2_dfrbp_1)
     1    0.01    0.04    0.28    0.28 ^ i_croc_soc/i_croc/i_core_wrap/i_ibex.id_stage_i.controller_i.instr_i_15__reg/Q (sg13g2_dfrbp_1)
                                         i_croc_soc/i_croc/i_core_wrap/i_ibex.id_stage_i.controller_i.instr_i_15_ (net)
                  0.04    0.00    0.28 ^ fanout6114/A (sg13g2_buf_4)
     4    0.04    0.05    0.11    0.39 ^ fanout6114/X (sg13g2_buf_4)
                                         net6114 (net)
                  0.05    0.00    0.39 ^ fanout6113/A (sg13g2_buf_4)
     8    0.05    0.07    0.13    0.52 ^ fanout6113/X (sg13g2_buf_4)
                                         net6113 (net)
                  0.07    0.01    0.53 ^ fanout6112/A (sg13g2_buf_4)
     8    0.07    0.08    0.15    0.68 ^ fanout6112/X (sg13g2_buf_4)
                                         net6112 (net)
                  0.08    0.00    0.68 ^ fanout6111/A (sg13g2_buf_4)
     8    0.06    0.08    0.15    0.83 ^ fanout6111/X (sg13g2_buf_4)
                                         net6111 (net)
                  0.08    0.00    0.84 ^ fanout1667/A (sg13g2_buf_4)
     8    0.07    0.09    0.16    0.99 ^ fanout1667/X (sg13g2_buf_4)
                                         net1667 (net)
                  0.09    0.01    1.00 ^ i_croc_soc/i_croc/i_core_wrap/i_ibex.register_file_i/_4785_/S (sg13g2_mux2_1)
     1    0.00    0.04    0.18    1.17 v i_croc_soc/i_croc/i_core_wrap/i_ibex.register_file_i/_4785_/X (sg13g2_mux2_1)
                                         i_croc_soc/i_croc/i_core_wrap/i_ibex.register_file_i/_1719_ (net)
                  0.04    0.00    1.17 v i_croc_soc/i_croc/i_core_wrap/i_ibex.register_file_i/_4787_/A2 (sg13g2_a22oi_1)
     1    0.00    0.06    0.08    1.25 ^ i_croc_soc/i_croc/i_core_wrap/i_ibex.register_file_i/_4787_/Y (sg13g2_a22oi_1)
                                         i_croc_soc/i_croc/i_core_wrap/i_ibex.register_file_i/_1721_ (net)
                  0.06    0.00    1.25 ^ i_croc_soc/i_croc/i_core_wrap/i_ibex.register_file_i/_4788_/A2 (sg13g2_a21oi_1)
     1    0.00    0.05    0.07    1.33 v i_croc_soc/i_croc/i_core_wrap/i_ibex.register_file_i/_4788_/Y (sg13g2_a21oi_1)
                                         i_croc_soc/i_croc/i_core_wrap/i_ibex.register_file_i/_1722_ (net)
                  0.05    0.00    1.33 v i_croc_soc/i_croc/i_core_wrap/i_ibex.register_file_i/_4789_/C1 (sg13g2_a221oi_1)
     1    0.01    0.18    0.15    1.48 ^ i_croc_soc/i_croc/i_core_wrap/i_ibex.register_file_i/_4789_/Y (sg13g2_a221oi_1)
                                         i_croc_soc/i_croc/i_core_wrap/i_ibex.register_file_i/_1723_ (net)
                  0.18    0.00    1.48 ^ i_croc_soc/i_croc/i_core_wrap/i_ibex.register_file_i/_4790_/C (sg13g2_nand3_1)
     1    0.03    0.23    0.26    1.74 v i_croc_soc/i_croc/i_core_wrap/i_ibex.register_file_i/_4790_/Y (sg13g2_nand3_1)
                                         i_croc_soc/i_croc/i_core_wrap/i_ibex.ex_block_i.multdiv_operand_a_i_1_ (net)
                  0.23    0.00    1.74 v i_croc_soc/i_croc/i_core_wrap/_05931_/A (sg13g2_or2_1)
     1    0.00    0.04    0.16    1.91 v i_croc_soc/i_croc/i_core_wrap/_05931_/X (sg13g2_or2_1)
                                         i_croc_soc/i_croc/i_core_wrap/_01172_ (net)
                  0.04    0.00    1.91 v i_croc_soc/i_croc/i_core_wrap/_05932_/D (sg13g2_nor4_1)
     1    0.00    0.14    0.12    2.02 ^ i_croc_soc/i_croc/i_core_wrap/_05932_/Y (sg13g2_nor4_1)
                                         i_croc_soc/i_croc/i_core_wrap/_01173_ (net)
                  0.14    0.00    2.02 ^ i_croc_soc/i_croc/i_core_wrap/_05933_/B (sg13g2_nor2_1)
     1    0.01    0.05    0.08    2.10 v i_croc_soc/i_croc/i_core_wrap/_05933_/Y (sg13g2_nor2_1)
                                         i_croc_soc/i_croc/i_core_wrap/_01174_ (net)
                  0.05    0.00    2.10 v i_croc_soc/i_croc/i_core_wrap/_05941_/A2 (sg13g2_a21oi_2)
     8    0.04    0.20    0.18    2.29 ^ i_croc_soc/i_croc/i_core_wrap/_05941_/Y (sg13g2_a21oi_2)
                                         i_croc_soc/i_croc/i_core_wrap/_01182_ (net)
                  0.20    0.01    2.29 ^ i_croc_soc/i_croc/i_core_wrap/_05942_/A (sg13g2_inv_2)
     2    0.01    0.04    0.06    2.35 v i_croc_soc/i_croc/i_core_wrap/_05942_/Y (sg13g2_inv_2)
                                         i_croc_soc/i_croc/i_core_wrap/i_ibex.alu_operand_a_ex_1_ (net)
                  0.04    0.00    2.35 v fanout3324/A (sg13g2_buf_2)
     8    0.04    0.07    0.12    2.47 v fanout3324/X (sg13g2_buf_2)
                                         net3324 (net)
                  0.07    0.00    2.48 v i_croc_soc/i_croc/i_core_wrap/_05975_/A1 (sg13g2_a21o_1)
     2    0.01    0.04    0.13    2.61 v i_croc_soc/i_croc/i_core_wrap/_05975_/X (sg13g2_a21o_1)
                                         i_croc_soc/i_croc/i_core_wrap/_01215_ (net)
                  0.04    0.00    2.61 v i_croc_soc/i_croc/i_core_wrap/_05994_/A1 (sg13g2_a21o_1)
     1    0.01    0.04    0.11    2.72 v i_croc_soc/i_croc/i_core_wrap/_05994_/X (sg13g2_a21o_1)
                                         i_croc_soc/i_croc/i_core_wrap/_01234_ (net)
                  0.04    0.00    2.72 v i_croc_soc/i_croc/i_core_wrap/_06026_/B1 (sg13g2_a221oi_1)
     6    0.03    0.42    0.35    3.07 ^ i_croc_soc/i_croc/i_core_wrap/_06026_/Y (sg13g2_a221oi_1)
                                         i_croc_soc/i_croc/i_core_wrap/_01266_ (net)
                  0.42    0.00    3.07 ^ i_croc_soc/i_croc/i_core_wrap/_06048_/A (sg13g2_nand2_1)
     3    0.01    0.14    0.18    3.25 v i_croc_soc/i_croc/i_core_wrap/_06048_/Y (sg13g2_nand2_1)
                                         i_croc_soc/i_croc/i_core_wrap/_01288_ (net)
                  0.14    0.00    3.25 v i_croc_soc/i_croc/i_core_wrap/_06080_/B (sg13g2_nand4_1)
     2    0.01    0.08    0.10    3.35 ^ i_croc_soc/i_croc/i_core_wrap/_06080_/Y (sg13g2_nand4_1)
                                         i_croc_soc/i_croc/i_core_wrap/_01317_ (net)
                  0.08    0.00    3.35 ^ i_croc_soc/i_croc/i_core_wrap/_06081_/C (sg13g2_nand3_1)
     6    0.03    0.30    0.28    3.63 v i_croc_soc/i_croc/i_core_wrap/_06081_/Y (sg13g2_nand3_1)
                                         i_croc_soc/i_croc/i_core_wrap/_01318_ (net)
                  0.30    0.00    3.63 v i_croc_soc/i_croc/i_core_wrap/_06108_/B2 (sg13g2_a221oi_1)
     1    0.01    0.18    0.24    3.88 ^ i_croc_soc/i_croc/i_core_wrap/_06108_/Y (sg13g2_a221oi_1)
                                         i_croc_soc/i_croc/i_core_wrap/_01345_ (net)
                  0.18    0.00    3.88 ^ i_croc_soc/i_croc/i_core_wrap/_06186_/A2 (sg13g2_o21ai_1)
     3    0.02    0.16    0.20    4.08 v i_croc_soc/i_croc/i_core_wrap/_06186_/Y (sg13g2_o21ai_1)
                                         i_croc_soc/i_croc/i_core_wrap/_01421_ (net)
                  0.16    0.00    4.08 v i_croc_soc/i_croc/i_core_wrap/_06187_/B (sg13g2_xnor2_1)
     4    0.02    0.22    0.24    4.33 ^ i_croc_soc/i_croc/i_core_wrap/_06187_/Y (sg13g2_xnor2_1)
                                         i_croc_soc/i_croc/i_core_wrap/_01422_ (net)
                  0.22    0.00    4.33 ^ i_croc_soc/i_croc/i_core_wrap/_06195_/A (sg13g2_xnor2_1)
     8    0.06    0.39    0.40    4.72 v i_croc_soc/i_croc/i_core_wrap/_06195_/Y (sg13g2_xnor2_1)
                                         i_croc_soc/i_croc/core_data_obi_req_71_ (net)
                  0.39    0.02    4.74 v i_croc_soc/i_croc/i_core_wrap/_07630_/A1 (sg13g2_a221oi_1)
     1    0.00    0.13    0.22    4.96 ^ i_croc_soc/i_croc/i_core_wrap/_07630_/Y (sg13g2_a221oi_1)
                                         i_croc_soc/i_croc/i_core_wrap/_02687_ (net)
                  0.13    0.00    4.96 ^ i_croc_soc/i_croc/i_core_wrap/_07632_/A (sg13g2_or2_2)
     4    0.03    0.07    0.16    5.12 ^ i_croc_soc/i_croc/i_core_wrap/_07632_/X (sg13g2_or2_2)
                                         i_croc_soc/i_croc/i_core_wrap/_02689_ (net)
                  0.07    0.00    5.12 ^ i_croc_soc/i_croc/i_core_wrap/_09098_/A (sg13g2_nand2_1)
     2    0.01    0.07    0.09    5.21 v i_croc_soc/i_croc/i_core_wrap/_09098_/Y (sg13g2_nand2_1)
                                         i_croc_soc/i_croc/i_core_wrap/_03846_ (net)
                  0.07    0.00    5.21 v i_croc_soc/i_croc/i_core_wrap/_09099_/A1 (sg13g2_mux2_2)
     5    0.03    0.09    0.20    5.41 v i_croc_soc/i_croc/i_core_wrap/_09099_/X (sg13g2_mux2_2)
                                         i_croc_soc/i_croc/core_instr_obi_req_71_ (net)
                  0.09    0.00    5.41 v i_croc_soc/i_croc/_3774_/C (sg13g2_nor3_2)
     3    0.01    0.13    0.13    5.54 ^ i_croc_soc/i_croc/_3774_/Y (sg13g2_nor3_2)
                                         i_croc_soc/i_croc/_0175_ (net)
                  0.13    0.00    5.54 ^ i_croc_soc/i_croc/_3801_/B (sg13g2_nand4_1)
     4    0.02    0.24    0.25    5.79 v i_croc_soc/i_croc/_3801_/Y (sg13g2_nand4_1)
                                         i_croc_soc/i_croc/_0202_ (net)
                  0.24    0.00    5.80 v i_croc_soc/i_croc/_3802_/B (sg13g2_nor2_1)
     1    0.01    0.10    0.12    5.92 ^ i_croc_soc/i_croc/_3802_/Y (sg13g2_nor2_1)
                                         i_croc_soc/i_croc/_0203_ (net)
                  0.10    0.00    5.92 ^ i_croc_soc/i_croc/_3803_/A (sg13g2_nor2_1)
     2    0.01    0.05    0.08    5.99 v i_croc_soc/i_croc/_3803_/Y (sg13g2_nor2_1)
                                         i_croc_soc/i_croc/_0204_ (net)
                  0.05    0.00    5.99 v i_croc_soc/i_croc/_3811_/A1 (sg13g2_a21o_1)
     1    0.00    0.03    0.11    6.11 v i_croc_soc/i_croc/_3811_/X (sg13g2_a21o_1)
                                         i_croc_soc/i_croc/_0212_ (net)
                  0.03    0.00    6.11 v i_croc_soc/i_croc/_3839_/A2 (sg13g2_a21o_2)
     6    0.03    0.07    0.18    6.29 v i_croc_soc/i_croc/_3839_/X (sg13g2_a21o_2)
                                         i_croc_soc/i_croc/_0240_ (net)
                  0.07    0.00    6.29 v i_croc_soc/i_croc/_3856_/C (sg13g2_nand3_1)
     3    0.01    0.07    0.09    6.38 ^ i_croc_soc/i_croc/_3856_/Y (sg13g2_nand3_1)
                                         i_croc_soc/i_croc/_0257_ (net)
                  0.07    0.00    6.38 ^ i_croc_soc/i_croc/_3858_/C (sg13g2_nand4_1)
     4    0.02    0.24    0.24    6.62 v i_croc_soc/i_croc/_3858_/Y (sg13g2_nand4_1)
                                         i_croc_soc/i_croc/_0259_ (net)
                  0.24    0.00    6.62 v i_croc_soc/i_croc/_3979_/A2 (sg13g2_a21oi_2)
     3    0.02    0.14    0.19    6.81 ^ i_croc_soc/i_croc/_3979_/Y (sg13g2_a21oi_2)
                                         i_croc_soc/i_croc/_0380_ (net)
                  0.14    0.00    6.81 ^ fanout2659/A (sg13g2_buf_4)
     8    0.04    0.05    0.16    6.97 ^ fanout2659/X (sg13g2_buf_4)
                                         net2659 (net)
                  0.05    0.00    6.97 ^ fanout1104/A (sg13g2_buf_2)
     8    0.04    0.09    0.13    7.10 ^ fanout1104/X (sg13g2_buf_2)
                                         net1104 (net)
                  0.09    0.00    7.11 ^ i_croc_soc/i_croc/_4206_/A (sg13g2_nand2_1)
     2    0.01    0.07    0.09    7.19 v i_croc_soc/i_croc/_4206_/Y (sg13g2_nand2_1)
                                         i_croc_soc/i_croc/_0607_ (net)
                  0.07    0.00    7.19 v i_croc_soc/i_croc/_4207_/B1 (sg13g2_a21oi_1)
     1    0.01    0.08    0.09    7.28 ^ i_croc_soc/i_croc/_4207_/Y (sg13g2_a21oi_1)
                                         i_croc_soc/i_croc/_0608_ (net)
                  0.08    0.00    7.28 ^ i_croc_soc/i_croc/_4216_/A (sg13g2_nor3_1)
     1    0.01    0.04    0.06    7.35 v i_croc_soc/i_croc/_4216_/Y (sg13g2_nor3_1)
                                         i_croc_soc/i_croc/_0617_ (net)
                  0.04    0.00    7.35 v i_croc_soc/i_croc/_4224_/A2 (sg13g2_a22oi_1)
     8    0.04    0.27    0.24    7.59 ^ i_croc_soc/i_croc/_4224_/Y (sg13g2_a22oi_1)
                                         i_croc_soc/i_croc/_0625_ (net)
                  0.27    0.00    7.59 ^ i_croc_soc/i_croc/_4225_/B (sg13g2_xnor2_1)
     3    0.01    0.16    0.18    7.77 ^ i_croc_soc/i_croc/_4225_/Y (sg13g2_xnor2_1)
                                         i_croc_soc/i_croc/_0626_ (net)
                  0.16    0.00    7.77 ^ i_croc_soc/i_croc/_5056_/A1 (sg13g2_o21ai_1)
     1    0.00    0.06    0.11    7.87 v i_croc_soc/i_croc/_5056_/Y (sg13g2_o21ai_1)
                                         i_croc_soc/i_croc/_1275_ (net)
                  0.06    0.00    7.87 v i_croc_soc/i_croc/_5058_/B (sg13g2_nand3_1)
     1    0.01    0.09    0.08    7.95 ^ i_croc_soc/i_croc/_5058_/Y (sg13g2_nand3_1)
                                         i_croc_soc/i_croc/_1277_ (net)
                  0.09    0.00    7.95 ^ fanout2489/A (sg13g2_buf_8)
     4    0.03    0.03    0.10    8.05 ^ fanout2489/X (sg13g2_buf_8)
                                         net2489 (net)
                  0.03    0.00    8.06 ^ fanout2484/A (sg13g2_buf_4)
     7    0.06    0.08    0.12    8.18 ^ fanout2484/X (sg13g2_buf_4)
                                         net2484 (net)
                  0.08    0.00    8.18 ^ fanout2483/A (sg13g2_buf_4)
     8    0.04    0.05    0.13    8.31 ^ fanout2483/X (sg13g2_buf_4)
                                         net2483 (net)
                  0.05    0.00    8.31 ^ i_croc_soc/i_croc/_5061_/B (sg13g2_nor2_1)
     4    0.02    0.13    0.07    8.38 v i_croc_soc/i_croc/_5061_/Y (sg13g2_nor2_1)
                                         i_croc_soc/i_croc/all_periph_obi_rsp_157_ (net)
                  0.13    0.00    8.38 v i_croc_soc/i_croc/i_gpio/_1285_/A (sg13g2_nand2_1)
     2    0.01    0.06    0.08    8.46 ^ i_croc_soc/i_croc/i_gpio/_1285_/Y (sg13g2_nand2_1)
                                         i_croc_soc/i_croc/i_gpio/_0153_ (net)
                  0.06    0.00    8.46 ^ i_croc_soc/i_croc/i_gpio/_1286_/B (sg13g2_nand3_1)
     1    0.01    0.07    0.10    8.56 v i_croc_soc/i_croc/i_gpio/_1286_/Y (sg13g2_nand3_1)
                                         i_croc_soc/i_croc/i_gpio/_0154_ (net)
                  0.07    0.00    8.56 v i_croc_soc/i_croc/i_gpio/_1287_/B1 (sg13g2_o21ai_1)
     1    0.01    0.11    0.07    8.63 ^ i_croc_soc/i_croc/i_gpio/_1287_/Y (sg13g2_o21ai_1)
                                         i_croc_soc/i_croc/all_periph_obi_rsp_159_ (net)
                  0.11    0.00    8.63 ^ i_croc_soc/i_croc/_6412_/A2 (sg13g2_a22oi_1)
     1    0.00    0.06    0.10    8.73 v i_croc_soc/i_croc/_6412_/Y (sg13g2_a22oi_1)
                                         i_croc_soc/i_croc/_2327_ (net)
                  0.06    0.00    8.73 v i_croc_soc/i_croc/_6414_/A2 (sg13g2_o21ai_1)
     4    0.04    0.42    0.35    9.08 ^ i_croc_soc/i_croc/_6414_/Y (sg13g2_o21ai_1)
                                         i_croc_soc/i_croc/_2329_ (net)
                  0.42    0.01    9.09 ^ i_croc_soc/i_croc/_6650_/A2 (sg13g2_a21oi_1)
     1    0.00    0.09    0.15    9.24 v i_croc_soc/i_croc/_6650_/Y (sg13g2_a21oi_1)
                                         i_croc_soc/i_croc/_2531_ (net)
                  0.09    0.00    9.24 v i_croc_soc/i_croc/_6651_/B (sg13g2_and2_1)
     1    0.01    0.03    0.11    9.35 v i_croc_soc/i_croc/_6651_/X (sg13g2_and2_1)
                                         i_croc_soc/i_croc/_2532_ (net)
                  0.03    0.00    9.35 v i_croc_soc/i_croc/_6652_/C (sg13g2_nor3_2)
     5    0.03    0.22    0.19    9.54 ^ i_croc_soc/i_croc/_6652_/Y (sg13g2_nor3_2)
                                         i_croc_soc/i_croc/core_instr_obi_rsp_3_ (net)
                  0.22    0.00    9.54 ^ i_croc_soc/i_croc/i_core_wrap/_06731_/A1 (sg13g2_a21o_1)
     3    0.01    0.07    0.19    9.73 ^ i_croc_soc/i_croc/i_core_wrap/_06731_/X (sg13g2_a21o_1)
                                         i_croc_soc/i_croc/i_core_wrap/_01888_ (net)
                  0.07    0.00    9.73 ^ i_croc_soc/i_croc/i_core_wrap/_07144_/B (sg13g2_or3_2)
     5    0.05    0.11    0.17    9.90 ^ i_croc_soc/i_croc/i_core_wrap/_07144_/X (sg13g2_or3_2)
                                         i_croc_soc/i_croc/i_core_wrap/_02236_ (net)
                  0.11    0.01    9.91 ^ i_croc_soc/i_croc/i_core_wrap/_07268_/D (sg13g2_nand4_1)
     2    0.01    0.12    0.16   10.07 v i_croc_soc/i_croc/i_core_wrap/_07268_/Y (sg13g2_nand4_1)
                                         i_croc_soc/i_croc/i_core_wrap/_02354_ (net)
                  0.12    0.00   10.07 v i_croc_soc/i_croc/i_core_wrap/_07288_/B (sg13g2_or2_1)
     2    0.01    0.06    0.16   10.23 v i_croc_soc/i_croc/i_core_wrap/_07288_/X (sg13g2_or2_1)
                                         i_croc_soc/i_croc/i_core_wrap/_02372_ (net)
                  0.06    0.00   10.24 v i_croc_soc/i_croc/i_core_wrap/_07301_/B (sg13g2_nor2_2)
     3    0.01    0.07    0.08   10.31 ^ i_croc_soc/i_croc/i_core_wrap/_07301_/Y (sg13g2_nor2_2)
                                         i_croc_soc/i_croc/i_core_wrap/_02383_ (net)
                  0.07    0.00   10.31 ^ i_croc_soc/i_croc/i_core_wrap/_07321_/C (sg13g2_nand3_1)
     4    0.02    0.17    0.18   10.49 v i_croc_soc/i_croc/i_core_wrap/_07321_/Y (sg13g2_nand3_1)
                                         i_croc_soc/i_croc/i_core_wrap/_02402_ (net)
                  0.17    0.00   10.50 v i_croc_soc/i_croc/i_core_wrap/_07349_/C (sg13g2_nor3_2)
     3    0.01    0.13    0.14   10.63 ^ i_croc_soc/i_croc/i_core_wrap/_07349_/Y (sg13g2_nor3_2)
                                         i_croc_soc/i_croc/i_core_wrap/_02427_ (net)
                  0.13    0.00   10.64 ^ i_croc_soc/i_croc/i_core_wrap/_07382_/C (sg13g2_nand3_1)
     3    0.01    0.14    0.18   10.81 v i_croc_soc/i_croc/i_core_wrap/_07382_/Y (sg13g2_nand3_1)
                                         i_croc_soc/i_croc/i_core_wrap/_02458_ (net)
                  0.14    0.00   10.81 v i_croc_soc/i_croc/i_core_wrap/_07411_/C (sg13g2_nor3_1)
     3    0.01    0.20    0.20   11.01 ^ i_croc_soc/i_croc/i_core_wrap/_07411_/Y (sg13g2_nor3_1)
                                         i_croc_soc/i_croc/i_core_wrap/_02486_ (net)
                  0.20    0.00   11.01 ^ i_croc_soc/i_croc/i_core_wrap/_07439_/C (sg13g2_nand3_1)
     2    0.01    0.10    0.15   11.16 v i_croc_soc/i_croc/i_core_wrap/_07439_/Y (sg13g2_nand3_1)
                                         i_croc_soc/i_croc/i_core_wrap/_02511_ (net)
                  0.10    0.00   11.16 v i_croc_soc/i_croc/i_core_wrap/_07449_/B (sg13g2_nor2_1)
     3    0.01    0.13    0.14   11.30 ^ i_croc_soc/i_croc/i_core_wrap/_07449_/Y (sg13g2_nor2_1)
                                         i_croc_soc/i_croc/i_core_wrap/_02520_ (net)
                  0.13    0.00   11.30 ^ i_croc_soc/i_croc/i_core_wrap/_07500_/D (sg13g2_nand4_1)
     4    0.02    0.23    0.26   11.56 v i_croc_soc/i_croc/i_core_wrap/_07500_/Y (sg13g2_nand4_1)
                                         i_croc_soc/i_croc/i_core_wrap/_02568_ (net)
                  0.23    0.00   11.56 v i_croc_soc/i_croc/i_core_wrap/_07529_/B (sg13g2_nor3_2)
     4    0.02    0.15    0.19   11.75 ^ i_croc_soc/i_croc/i_core_wrap/_07529_/Y (sg13g2_nor3_2)
                                         i_croc_soc/i_croc/i_core_wrap/_02594_ (net)
                  0.15    0.00   11.75 ^ i_croc_soc/i_croc/i_core_wrap/_07580_/D (sg13g2_nand4_1)
     6    0.02    0.29    0.31   12.07 v i_croc_soc/i_croc/i_core_wrap/_07580_/Y (sg13g2_nand4_1)
                                         i_croc_soc/i_croc/i_core_wrap/_02642_ (net)
                  0.29    0.00   12.07 v i_croc_soc/i_croc/i_core_wrap/_07625_/C (sg13g2_nor4_1)
     1    0.01    0.18    0.22   12.29 ^ i_croc_soc/i_croc/i_core_wrap/_07625_/Y (sg13g2_nor4_1)
                                         i_croc_soc/i_croc/i_core_wrap/_02682_ (net)
                  0.18    0.00   12.29 ^ i_croc_soc/i_croc/i_core_wrap/_07626_/B (sg13g2_xnor2_1)
     1    0.01    0.06    0.11   12.40 v i_croc_soc/i_croc/i_core_wrap/_07626_/Y (sg13g2_xnor2_1)
                                         i_croc_soc/i_croc/i_core_wrap/_02683_ (net)
                  0.06    0.00   12.40 v i_croc_soc/i_croc/i_core_wrap/_07634_/A2 (sg13g2_o21ai_1)
     1    0.00    0.08    0.09   12.49 ^ i_croc_soc/i_croc/i_core_wrap/_07634_/Y (sg13g2_o21ai_1)
                                         i_croc_soc/i_croc/i_core_wrap/_00090_ (net)
                  0.08    0.00   12.49 ^ i_croc_soc/i_croc/i_core_wrap/i_ibex.crash_dump_o_95__reg/D (sg13g2_dfrbp_2)
                                 12.49   data arrival time

                  0.20   12.50   12.50   clock clk_sys (rise edge)
                          0.00   12.50   clock network delay (ideal)
                         -0.10   12.40   clock uncertainty
                          0.00   12.40   clock reconvergence pessimism
                                 12.40 ^ i_croc_soc/i_croc/i_core_wrap/i_ibex.crash_dump_o_95__reg/CLK (sg13g2_dfrbp_2)
                         -0.11   12.29   library setup time
                                 12.29   data required time
-----------------------------------------------------------------------------
                                 12.29   data required time
                                -12.49   data arrival time
-----------------------------------------------------------------------------
                                 -0.20   slack (VIOLATED)
