violation type: Obstructed - core_grid - Metal1 -> TopMetal2
	srcs: net:VDD
	bbox = (583.0000, 1390.8200) - (589.0000, 1391.2600) on Layer -
violation type: Obstructed - core_grid - Metal1 -> TopMetal2
	srcs: net:VDD
	bbox = (583.0000, 1398.3800) - (589.0000, 1398.8200) on Layer -
violation type: Obstructed - core_grid - Metal1 -> TopMetal2
	srcs: net:VDD
	bbox = (583.0000, 1526.9000) - (589.0000, 1527.3400) on Layer -
violation type: Obstructed - core_grid - Metal1 -> TopMetal2
	srcs: net:VDD
	bbox = (787.0000, 1390.8200) - (793.0000, 1391.2600) on Layer -
violation type: Obstructed - core_grid - Metal1 -> TopMetal2
	srcs: net:VDD
	bbox = (787.0000, 1398.3800) - (793.0000, 1398.8200) on Layer -
violation type: Obstructed - core_grid - Metal1 -> TopMetal2
	srcs: net:VDD
	bbox = (787.0000, 1526.9000) - (793.0000, 1527.3400) on Layer -
violation type: Obstructed - core_grid - Metal1 -> TopMetal2
	srcs: net:VDD
	bbox = (991.0000, 1390.8200) - (997.0000, 1391.2600) on Layer -
violation type: Obstructed - core_grid - Metal1 -> TopMetal2
	srcs: net:VDD
	bbox = (991.0000, 1398.3800) - (997.0000, 1398.8200) on Layer -
violation type: Obstructed - core_grid - Metal1 -> TopMetal2
	srcs: net:VDD
	bbox = (991.0000, 1526.9000) - (997.0000, 1527.3400) on Layer -
violation type: Obstructed - core_grid - Metal1 -> TopMetal2
	srcs: net:VDD
	bbox = (1195.0000, 1390.8200) - (1201.0000, 1391.2600) on Layer -
violation type: Obstructed - core_grid - Metal1 -> TopMetal2
	srcs: net:VDD
	bbox = (1195.0000, 1398.3800) - (1201.0000, 1398.8200) on Layer -
violation type: Obstructed - core_grid - Metal1 -> TopMetal2
	srcs: net:VDD
	bbox = (1195.0000, 1526.9000) - (1201.0000, 1527.3400) on Layer -
violation type: Obstructed - core_grid - Metal1 -> TopMetal2
	srcs: net:VSS
	bbox = (515.0000, 1266.0800) - (521.0000, 1266.5200) on Layer -
violation type: Obstructed - core_grid - Metal1 -> TopMetal2
	srcs: net:VSS
	bbox = (515.0000, 1402.1600) - (521.0000, 1402.6000) on Layer -
violation type: Obstructed - core_grid - Metal1 -> TopMetal2
	srcs: net:VSS
	bbox = (515.0000, 1523.1200) - (521.0000, 1523.5600) on Layer -
violation type: Obstructed - core_grid - Metal1 -> TopMetal2
	srcs: net:VSS
	bbox = (719.0000, 1266.0800) - (725.0000, 1266.5200) on Layer -
violation type: Obstructed - core_grid - Metal1 -> TopMetal2
	srcs: net:VSS
	bbox = (719.0000, 1402.1600) - (725.0000, 1402.6000) on Layer -
violation type: Obstructed - core_grid - Metal1 -> TopMetal2
	srcs: net:VSS
	bbox = (719.0000, 1523.1200) - (725.0000, 1523.5600) on Layer -
violation type: Obstructed - core_grid - Metal1 -> TopMetal2
	srcs: net:VSS
	bbox = (923.0000, 1266.0800) - (929.0000, 1266.5200) on Layer -
violation type: Obstructed - core_grid - Metal1 -> TopMetal2
	srcs: net:VSS
	bbox = (923.0000, 1402.1600) - (929.0000, 1402.6000) on Layer -
violation type: Obstructed - core_grid - Metal1 -> TopMetal2
	srcs: net:VSS
	bbox = (923.0000, 1523.1200) - (929.0000, 1523.5600) on Layer -
violation type: Obstructed - core_grid - Metal1 -> TopMetal2
	srcs: net:VSS
	bbox = (1127.0000, 1266.0800) - (1133.0000, 1266.5200) on Layer -
violation type: Obstructed - core_grid - Metal1 -> TopMetal2
	srcs: net:VSS
	bbox = (1127.0000, 1402.1600) - (1133.0000, 1402.6000) on Layer -
violation type: Obstructed - core_grid - Metal1 -> TopMetal2
	srcs: net:VSS
	bbox = (1127.0000, 1523.1200) - (1133.0000, 1523.5600) on Layer -
